[debug] [2025-09-29T19:14:03.685Z] ----------------------------------------------------------------------
[debug] [2025-09-29T19:14:03.687Z] Command:       C:\Program Files\nodejs\node.exe C:\Users\Sadew\AppData\Roaming\npm\node_modules\firebase-tools\lib\bin\firebase.js init hosting
[debug] [2025-09-29T19:14:03.687Z] CLI Version:   14.17.0
[debug] [2025-09-29T19:14:03.687Z] Platform:      win32
[debug] [2025-09-29T19:14:03.687Z] Node Version:  v24.0.1
[debug] [2025-09-29T19:14:03.687Z] Time:          Tue Sep 30 2025 00:44:03 GMT+0530 (India Standard Time)
[debug] [2025-09-29T19:14:03.687Z] ----------------------------------------------------------------------
[debug] 
[debug] [2025-09-29T19:14:03.692Z] > command requires scopes: ["email","openid","https://www.googleapis.com/auth/cloudplatformprojects.readonly","https://www.googleapis.com/auth/firebase","https://www.googleapis.com/auth/cloud-platform"]
[debug] [2025-09-29T19:14:03.692Z] > authorizing via signed-in user (sadewhiruditha1@gmail.com)
[info] 
     ######## #### ########  ######## ########     ###     ######  ########
     ##        ##  ##     ## ##       ##     ##  ##   ##  ##       ##
     ######    ##  ########  ######   ########  #########  ######  ######
     ##        ##  ##    ##  ##       ##     ## ##     ##       ## ##
     ##       #### ##     ## ######## ########  ##     ##  ######  ########

You're about to initialize a Firebase project in this directory:

  D:\PROJECT 2\admin-dashboard\tawtheeq-admin-panel

[info] 
=== Project Setup
[info] 
[info] First, let's associate this project directory with a Firebase project.
[info] You can create multiple project aliases by running firebase use --add, 
[info] but for now we'll just set up a default project.
[info] 
[debug] [2025-09-29T19:14:15.041Z] Checked if tokens are valid: true, expires at: 1759176834654
[debug] [2025-09-29T19:14:15.041Z] Checked if tokens are valid: true, expires at: 1759176834654
[debug] [2025-09-29T19:14:15.042Z] >>> [apiv2][query] GET https://firebase.googleapis.com/v1beta1/projects pageSize=100
[debug] [2025-09-29T19:14:15.906Z] <<< [apiv2][status] GET https://firebase.googleapis.com/v1beta1/projects 200
[debug] [2025-09-29T19:14:15.906Z] <<< [apiv2][body] GET https://firebase.googleapis.com/v1beta1/projects [omitted]
[info] i  Using project tawtheeq-admin (tawtheeq-admin) 
[info] 
=== Hosting Setup
[debug] [2025-09-29T19:14:20.922Z] Checked if tokens are valid: true, expires at: 1759176834654
[debug] [2025-09-29T19:14:20.922Z] Checked if tokens are valid: true, expires at: 1759176834654
[debug] [2025-09-29T19:14:20.923Z] >>> [apiv2][query] GET https://firebase.googleapis.com/v1beta1/projects/tawtheeq-admin [none]
[debug] [2025-09-29T19:14:21.552Z] <<< [apiv2][status] GET https://firebase.googleapis.com/v1beta1/projects/tawtheeq-admin 200
[debug] [2025-09-29T19:14:21.552Z] <<< [apiv2][body] GET https://firebase.googleapis.com/v1beta1/projects/tawtheeq-admin {"projectId":"tawtheeq-admin","projectNumber":"360006912211","displayName":"tawtheeq-admin","name":"projects/tawtheeq-admin","resources":{"hostingSite":"tawtheeq-admin"},"state":"ACTIVE","etag":"1_16bebdea-1f6d-419d-a455-d44d1f6c5ca9"}
[info] 
[info] Your public directory is the folder (relative to your project directory) that
[info] will contain Hosting assets to be uploaded with firebase deploy. If you
[info] have a build process for your assets, use your build's output directory.
[info] 
[debug] [2025-09-29T19:14:48.096Z] ExitPromptError: User force closed the prompt with SIGINT
    at Interface.sigint (C:\Users\Sadew\AppData\Roaming\npm\node_modules\firebase-tools\node_modules\@inquirer\core\dist\commonjs\lib\create-prompt.js:101:37)
    at Interface.emit (node:events:507:28)
    at Interface.emit (node:domain:489:12)
    at [_ttyWrite] [as _ttyWrite] (node:internal/readline/interface:1241:18)
    at ReadStream.onkeypress (node:internal/readline/interface:288:20)
    at ReadStream.emit (node:events:519:35)
    at ReadStream.emit (node:domain:489:12)
    at emitKeys (node:internal/readline/utils:370:14)
    at emitKeys.next (<anonymous>)
    at ReadStream.onData (node:internal/readline/emitKeypressEvents:64:36)
[error] 
[error] Error: An unexpected error has occurred.
